// Jest Snapshot v1, https://goo.gl/fbAQLP

exports[`<DemoEdit /> 子コンポーネントをレンダリングすること 1`] = `
ShallowWrapper {
  Symbol(enzyme.__root__): [Circular],
  Symbol(enzyme.__unrendered__): <DemoEdit
    arrival={
      Object {
        "label": "着",
        "lat": 35.6604638,
        "lng": 139.72924869999997,
        "title": "六本木ヒルズ森タワー",
      }
    }
    departure={
      Object {
        "label": "発",
        "lat": 35.6731652,
        "lng": 139.7407961,
        "title": "山王パークタワー",
      }
    }
    routesCache={
      Array [
        Object {
          "id": 1,
          "label": "A",
          "lat": 111,
          "lng": 111,
          "sortId": 5,
          "title": "秋葉原駅",
        },
        Object {
          "id": 2,
          "label": "B",
          "lat": 222,
          "lng": 222,
          "sortId": 4,
          "title": "文京区役所",
        },
        Object {
          "id": 3,
          "label": "C",
          "lat": 333,
          "lng": 333,
          "sortId": 1,
          "title": "明治大学",
        },
        Object {
          "id": 4,
          "label": "D",
          "lat": 444,
          "lng": 444,
          "sortId": 2,
          "title": "浜離宮",
        },
        Object {
          "id": 5,
          "label": "E",
          "lat": 555,
          "lng": 555,
          "sortId": 8,
          "title": "国会議事堂",
        },
        Object {
          "id": 6,
          "label": "F",
          "lat": 666,
          "lng": 666,
          "sortId": 3,
          "title": "東京タワー",
        },
        Object {
          "id": 7,
          "label": "G",
          "lat": 777,
          "lng": 777,
          "sortId": 7,
          "title": "上野動物園",
        },
        Object {
          "id": 8,
          "label": "H",
          "lat": 888,
          "lng": 888,
          "sortId": 6,
          "title": "東京駅",
        },
      ]
    }
  />,
  Symbol(enzyme.__renderer__): Object {
    "batchedUpdates": [Function],
    "checkPropTypes": [Function],
    "getNode": [Function],
    "render": [Function],
    "simulateError": [Function],
    "simulateEvent": [Function],
    "unmount": [Function],
  },
  Symbol(enzyme.__node__): Object {
    "instance": null,
    "key": undefined,
    "nodeType": "host",
    "props": Object {
      "children": Array [
        <DemoEditText />,
        <DemoEditDepartureArrival
          callback={[Function]}
          index={0}
          label="出発地"
          title="山王パークタワー"
        />,
        <DemoEditRoutes
          callback={[Function]}
          routes={
            Array [
              Object {
                "id": 1,
                "label": "A",
                "lat": 111,
                "lng": 111,
                "sortId": 5,
                "title": "秋葉原駅",
              },
              Object {
                "id": 2,
                "label": "B",
                "lat": 222,
                "lng": 222,
                "sortId": 4,
                "title": "文京区役所",
              },
              Object {
                "id": 3,
                "label": "C",
                "lat": 333,
                "lng": 333,
                "sortId": 1,
                "title": "明治大学",
              },
              Object {
                "id": 4,
                "label": "D",
                "lat": 444,
                "lng": 444,
                "sortId": 2,
                "title": "浜離宮",
              },
              Object {
                "id": 5,
                "label": "E",
                "lat": 555,
                "lng": 555,
                "sortId": 8,
                "title": "国会議事堂",
              },
              Object {
                "id": 6,
                "label": "F",
                "lat": 666,
                "lng": 666,
                "sortId": 3,
                "title": "東京タワー",
              },
              Object {
                "id": 7,
                "label": "G",
                "lat": 777,
                "lng": 777,
                "sortId": 7,
                "title": "上野動物園",
              },
              Object {
                "id": 8,
                "label": "H",
                "lat": 888,
                "lng": 888,
                "sortId": 6,
                "title": "東京駅",
              },
            ]
          }
        />,
        <DemoEditDepartureArrival
          callback={[Function]}
          index={9}
          label="到着地"
          title="六本木ヒルズ森タワー"
        />,
        <div
          style={
            Object {
              "alignItems": "center",
              "display": "flex",
              "width": "320px",
            }
          }
        >
          <DemoButton
            callback={[Function]}
            classname="DemoEditButton"
            isDisabled={false}
            label="キャンセル"
          />
          <DemoButton
            callback={[Function]}
            classname="DemoEditButton"
            isDisabled={true}
            label="設定する"
          />
        </div>,
      ],
      "style": Object {
        "alignItems": "center",
        "boxSizing": "border-box",
        "display": "flex",
        "flexDirection": "column",
        "height": "calc(100vh - 40px)",
        "justifyContent": "center",
        "overflow": "scroll",
        "padding": "32px 16px",
        "width": "50%",
      },
    },
    "ref": null,
    "rendered": Array [
      Object {
        "instance": null,
        "key": undefined,
        "nodeType": "function",
        "props": Object {},
        "ref": null,
        "rendered": null,
        "type": [Function],
      },
      Object {
        "instance": null,
        "key": undefined,
        "nodeType": "function",
        "props": Object {
          "callback": [Function],
          "index": 0,
          "label": "出発地",
          "title": "山王パークタワー",
        },
        "ref": null,
        "rendered": null,
        "type": [Function],
      },
      Object {
        "instance": null,
        "key": undefined,
        "nodeType": "function",
        "props": Object {
          "callback": [Function],
          "routes": Array [
            Object {
              "id": 1,
              "label": "A",
              "lat": 111,
              "lng": 111,
              "sortId": 5,
              "title": "秋葉原駅",
            },
            Object {
              "id": 2,
              "label": "B",
              "lat": 222,
              "lng": 222,
              "sortId": 4,
              "title": "文京区役所",
            },
            Object {
              "id": 3,
              "label": "C",
              "lat": 333,
              "lng": 333,
              "sortId": 1,
              "title": "明治大学",
            },
            Object {
              "id": 4,
              "label": "D",
              "lat": 444,
              "lng": 444,
              "sortId": 2,
              "title": "浜離宮",
            },
            Object {
              "id": 5,
              "label": "E",
              "lat": 555,
              "lng": 555,
              "sortId": 8,
              "title": "国会議事堂",
            },
            Object {
              "id": 6,
              "label": "F",
              "lat": 666,
              "lng": 666,
              "sortId": 3,
              "title": "東京タワー",
            },
            Object {
              "id": 7,
              "label": "G",
              "lat": 777,
              "lng": 777,
              "sortId": 7,
              "title": "上野動物園",
            },
            Object {
              "id": 8,
              "label": "H",
              "lat": 888,
              "lng": 888,
              "sortId": 6,
              "title": "東京駅",
            },
          ],
        },
        "ref": null,
        "rendered": null,
        "type": [Function],
      },
      Object {
        "instance": null,
        "key": undefined,
        "nodeType": "function",
        "props": Object {
          "callback": [Function],
          "index": 9,
          "label": "到着地",
          "title": "六本木ヒルズ森タワー",
        },
        "ref": null,
        "rendered": null,
        "type": [Function],
      },
      Object {
        "instance": null,
        "key": undefined,
        "nodeType": "host",
        "props": Object {
          "children": Array [
            <DemoButton
              callback={[Function]}
              classname="DemoEditButton"
              isDisabled={false}
              label="キャンセル"
            />,
            <DemoButton
              callback={[Function]}
              classname="DemoEditButton"
              isDisabled={true}
              label="設定する"
            />,
          ],
          "style": Object {
            "alignItems": "center",
            "display": "flex",
            "width": "320px",
          },
        },
        "ref": null,
        "rendered": Array [
          Object {
            "instance": null,
            "key": undefined,
            "nodeType": "function",
            "props": Object {
              "callback": [Function],
              "classname": "DemoEditButton",
              "isDisabled": false,
              "label": "キャンセル",
            },
            "ref": null,
            "rendered": null,
            "type": [Function],
          },
          Object {
            "instance": null,
            "key": undefined,
            "nodeType": "function",
            "props": Object {
              "callback": [Function],
              "classname": "DemoEditButton",
              "isDisabled": true,
              "label": "設定する",
            },
            "ref": null,
            "rendered": null,
            "type": [Function],
          },
        ],
        "type": "div",
      },
    ],
    "type": "div",
  },
  Symbol(enzyme.__nodes__): Array [
    Object {
      "instance": null,
      "key": undefined,
      "nodeType": "host",
      "props": Object {
        "children": Array [
          <DemoEditText />,
          <DemoEditDepartureArrival
            callback={[Function]}
            index={0}
            label="出発地"
            title="山王パークタワー"
          />,
          <DemoEditRoutes
            callback={[Function]}
            routes={
              Array [
                Object {
                  "id": 1,
                  "label": "A",
                  "lat": 111,
                  "lng": 111,
                  "sortId": 5,
                  "title": "秋葉原駅",
                },
                Object {
                  "id": 2,
                  "label": "B",
                  "lat": 222,
                  "lng": 222,
                  "sortId": 4,
                  "title": "文京区役所",
                },
                Object {
                  "id": 3,
                  "label": "C",
                  "lat": 333,
                  "lng": 333,
                  "sortId": 1,
                  "title": "明治大学",
                },
                Object {
                  "id": 4,
                  "label": "D",
                  "lat": 444,
                  "lng": 444,
                  "sortId": 2,
                  "title": "浜離宮",
                },
                Object {
                  "id": 5,
                  "label": "E",
                  "lat": 555,
                  "lng": 555,
                  "sortId": 8,
                  "title": "国会議事堂",
                },
                Object {
                  "id": 6,
                  "label": "F",
                  "lat": 666,
                  "lng": 666,
                  "sortId": 3,
                  "title": "東京タワー",
                },
                Object {
                  "id": 7,
                  "label": "G",
                  "lat": 777,
                  "lng": 777,
                  "sortId": 7,
                  "title": "上野動物園",
                },
                Object {
                  "id": 8,
                  "label": "H",
                  "lat": 888,
                  "lng": 888,
                  "sortId": 6,
                  "title": "東京駅",
                },
              ]
            }
          />,
          <DemoEditDepartureArrival
            callback={[Function]}
            index={9}
            label="到着地"
            title="六本木ヒルズ森タワー"
          />,
          <div
            style={
              Object {
                "alignItems": "center",
                "display": "flex",
                "width": "320px",
              }
            }
          >
            <DemoButton
              callback={[Function]}
              classname="DemoEditButton"
              isDisabled={false}
              label="キャンセル"
            />
            <DemoButton
              callback={[Function]}
              classname="DemoEditButton"
              isDisabled={true}
              label="設定する"
            />
          </div>,
        ],
        "style": Object {
          "alignItems": "center",
          "boxSizing": "border-box",
          "display": "flex",
          "flexDirection": "column",
          "height": "calc(100vh - 40px)",
          "justifyContent": "center",
          "overflow": "scroll",
          "padding": "32px 16px",
          "width": "50%",
        },
      },
      "ref": null,
      "rendered": Array [
        Object {
          "instance": null,
          "key": undefined,
          "nodeType": "function",
          "props": Object {},
          "ref": null,
          "rendered": null,
          "type": [Function],
        },
        Object {
          "instance": null,
          "key": undefined,
          "nodeType": "function",
          "props": Object {
            "callback": [Function],
            "index": 0,
            "label": "出発地",
            "title": "山王パークタワー",
          },
          "ref": null,
          "rendered": null,
          "type": [Function],
        },
        Object {
          "instance": null,
          "key": undefined,
          "nodeType": "function",
          "props": Object {
            "callback": [Function],
            "routes": Array [
              Object {
                "id": 1,
                "label": "A",
                "lat": 111,
                "lng": 111,
                "sortId": 5,
                "title": "秋葉原駅",
              },
              Object {
                "id": 2,
                "label": "B",
                "lat": 222,
                "lng": 222,
                "sortId": 4,
                "title": "文京区役所",
              },
              Object {
                "id": 3,
                "label": "C",
                "lat": 333,
                "lng": 333,
                "sortId": 1,
                "title": "明治大学",
              },
              Object {
                "id": 4,
                "label": "D",
                "lat": 444,
                "lng": 444,
                "sortId": 2,
                "title": "浜離宮",
              },
              Object {
                "id": 5,
                "label": "E",
                "lat": 555,
                "lng": 555,
                "sortId": 8,
                "title": "国会議事堂",
              },
              Object {
                "id": 6,
                "label": "F",
                "lat": 666,
                "lng": 666,
                "sortId": 3,
                "title": "東京タワー",
              },
              Object {
                "id": 7,
                "label": "G",
                "lat": 777,
                "lng": 777,
                "sortId": 7,
                "title": "上野動物園",
              },
              Object {
                "id": 8,
                "label": "H",
                "lat": 888,
                "lng": 888,
                "sortId": 6,
                "title": "東京駅",
              },
            ],
          },
          "ref": null,
          "rendered": null,
          "type": [Function],
        },
        Object {
          "instance": null,
          "key": undefined,
          "nodeType": "function",
          "props": Object {
            "callback": [Function],
            "index": 9,
            "label": "到着地",
            "title": "六本木ヒルズ森タワー",
          },
          "ref": null,
          "rendered": null,
          "type": [Function],
        },
        Object {
          "instance": null,
          "key": undefined,
          "nodeType": "host",
          "props": Object {
            "children": Array [
              <DemoButton
                callback={[Function]}
                classname="DemoEditButton"
                isDisabled={false}
                label="キャンセル"
              />,
              <DemoButton
                callback={[Function]}
                classname="DemoEditButton"
                isDisabled={true}
                label="設定する"
              />,
            ],
            "style": Object {
              "alignItems": "center",
              "display": "flex",
              "width": "320px",
            },
          },
          "ref": null,
          "rendered": Array [
            Object {
              "instance": null,
              "key": undefined,
              "nodeType": "function",
              "props": Object {
                "callback": [Function],
                "classname": "DemoEditButton",
                "isDisabled": false,
                "label": "キャンセル",
              },
              "ref": null,
              "rendered": null,
              "type": [Function],
            },
            Object {
              "instance": null,
              "key": undefined,
              "nodeType": "function",
              "props": Object {
                "callback": [Function],
                "classname": "DemoEditButton",
                "isDisabled": true,
                "label": "設定する",
              },
              "ref": null,
              "rendered": null,
              "type": [Function],
            },
          ],
          "type": "div",
        },
      ],
      "type": "div",
    },
  ],
  Symbol(enzyme.__options__): Object {
    "adapter": ReactSixteenAdapter {
      "options": Object {
        "enableComponentDidUpdateOnSetState": true,
        "legacyContextMode": "parent",
        "lifecycles": Object {
          "componentDidUpdate": Object {
            "onSetState": true,
          },
          "getChildContext": Object {
            "calledByRenderer": false,
          },
          "getDerivedStateFromProps": Object {
            "hasShouldComponentUpdateBug": false,
          },
          "getSnapshotBeforeUpdate": true,
          "setState": Object {
            "skipsComponentDidUpdateOnNullish": true,
          },
        },
      },
    },
  },
}
`;
