// Jest Snapshot v1, https://goo.gl/fbAQLP

exports[`<DemoDescription /> snapshot 1`] = `
ShallowWrapper {
  Symbol(enzyme.__root__): [Circular],
  Symbol(enzyme.__unrendered__): <DemoEditDepartureArrival
    callback={[MockFunction]}
    index={0}
    label="AAA"
    title="BBB"
  />,
  Symbol(enzyme.__renderer__): Object {
    "batchedUpdates": [Function],
    "checkPropTypes": [Function],
    "getNode": [Function],
    "render": [Function],
    "simulateError": [Function],
    "simulateEvent": [Function],
    "unmount": [Function],
  },
  Symbol(enzyme.__node__): Object {
    "instance": null,
    "key": undefined,
    "nodeType": "function",
    "props": Object {
      "children": Array [
        <label
          style={
            Object {
              "backgroundColor": "#f75c50",
              "boxSizing": "border-box",
              "color": "#fff",
              "display": "block",
              "padding": "4px",
              "textAlign": "center",
              "width": "320px",
            }
          }
        >
          AAA
        </label>,
        <ul
          style={
            Object {
              "listStyleType": "none",
              "margin": "0 0 16px 0",
              "padding": 0,
            }
          }
        >
          <li>
            <input
              defaultValue="BBB"
              onChange={[Function]}
              style={
                Object {
                  "boxSizing": "border-box",
                  "fontSize": "16px",
                  "imeMode": "active",
                  "padding": "6px 4px",
                  "width": "320px",
                }
              }
            />
          </li>
        </ul>,
      ],
    },
    "ref": null,
    "rendered": Array [
      Object {
        "instance": null,
        "key": undefined,
        "nodeType": "host",
        "props": Object {
          "children": "AAA",
          "style": Object {
            "backgroundColor": "#f75c50",
            "boxSizing": "border-box",
            "color": "#fff",
            "display": "block",
            "padding": "4px",
            "textAlign": "center",
            "width": "320px",
          },
        },
        "ref": null,
        "rendered": "AAA",
        "type": "label",
      },
      Object {
        "instance": null,
        "key": undefined,
        "nodeType": "host",
        "props": Object {
          "children": <li>
            <input
              defaultValue="BBB"
              onChange={[Function]}
              style={
                Object {
                  "boxSizing": "border-box",
                  "fontSize": "16px",
                  "imeMode": "active",
                  "padding": "6px 4px",
                  "width": "320px",
                }
              }
            />
          </li>,
          "style": Object {
            "listStyleType": "none",
            "margin": "0 0 16px 0",
            "padding": 0,
          },
        },
        "ref": null,
        "rendered": Object {
          "instance": null,
          "key": undefined,
          "nodeType": "host",
          "props": Object {
            "children": <input
              defaultValue="BBB"
              onChange={[Function]}
              style={
                Object {
                  "boxSizing": "border-box",
                  "fontSize": "16px",
                  "imeMode": "active",
                  "padding": "6px 4px",
                  "width": "320px",
                }
              }
            />,
          },
          "ref": null,
          "rendered": Object {
            "instance": null,
            "key": undefined,
            "nodeType": "host",
            "props": Object {
              "defaultValue": "BBB",
              "onChange": [Function],
              "style": Object {
                "boxSizing": "border-box",
                "fontSize": "16px",
                "imeMode": "active",
                "padding": "6px 4px",
                "width": "320px",
              },
            },
            "ref": null,
            "rendered": null,
            "type": "input",
          },
          "type": "li",
        },
        "type": "ul",
      },
    ],
    "type": Symbol(react.fragment),
  },
  Symbol(enzyme.__nodes__): Array [
    Object {
      "instance": null,
      "key": undefined,
      "nodeType": "function",
      "props": Object {
        "children": Array [
          <label
            style={
              Object {
                "backgroundColor": "#f75c50",
                "boxSizing": "border-box",
                "color": "#fff",
                "display": "block",
                "padding": "4px",
                "textAlign": "center",
                "width": "320px",
              }
            }
          >
            AAA
          </label>,
          <ul
            style={
              Object {
                "listStyleType": "none",
                "margin": "0 0 16px 0",
                "padding": 0,
              }
            }
          >
            <li>
              <input
                defaultValue="BBB"
                onChange={[Function]}
                style={
                  Object {
                    "boxSizing": "border-box",
                    "fontSize": "16px",
                    "imeMode": "active",
                    "padding": "6px 4px",
                    "width": "320px",
                  }
                }
              />
            </li>
          </ul>,
        ],
      },
      "ref": null,
      "rendered": Array [
        Object {
          "instance": null,
          "key": undefined,
          "nodeType": "host",
          "props": Object {
            "children": "AAA",
            "style": Object {
              "backgroundColor": "#f75c50",
              "boxSizing": "border-box",
              "color": "#fff",
              "display": "block",
              "padding": "4px",
              "textAlign": "center",
              "width": "320px",
            },
          },
          "ref": null,
          "rendered": "AAA",
          "type": "label",
        },
        Object {
          "instance": null,
          "key": undefined,
          "nodeType": "host",
          "props": Object {
            "children": <li>
              <input
                defaultValue="BBB"
                onChange={[Function]}
                style={
                  Object {
                    "boxSizing": "border-box",
                    "fontSize": "16px",
                    "imeMode": "active",
                    "padding": "6px 4px",
                    "width": "320px",
                  }
                }
              />
            </li>,
            "style": Object {
              "listStyleType": "none",
              "margin": "0 0 16px 0",
              "padding": 0,
            },
          },
          "ref": null,
          "rendered": Object {
            "instance": null,
            "key": undefined,
            "nodeType": "host",
            "props": Object {
              "children": <input
                defaultValue="BBB"
                onChange={[Function]}
                style={
                  Object {
                    "boxSizing": "border-box",
                    "fontSize": "16px",
                    "imeMode": "active",
                    "padding": "6px 4px",
                    "width": "320px",
                  }
                }
              />,
            },
            "ref": null,
            "rendered": Object {
              "instance": null,
              "key": undefined,
              "nodeType": "host",
              "props": Object {
                "defaultValue": "BBB",
                "onChange": [Function],
                "style": Object {
                  "boxSizing": "border-box",
                  "fontSize": "16px",
                  "imeMode": "active",
                  "padding": "6px 4px",
                  "width": "320px",
                },
              },
              "ref": null,
              "rendered": null,
              "type": "input",
            },
            "type": "li",
          },
          "type": "ul",
        },
      ],
      "type": Symbol(react.fragment),
    },
  ],
  Symbol(enzyme.__options__): Object {
    "adapter": ReactSixteenAdapter {
      "options": Object {
        "enableComponentDidUpdateOnSetState": true,
        "legacyContextMode": "parent",
        "lifecycles": Object {
          "componentDidUpdate": Object {
            "onSetState": true,
          },
          "getChildContext": Object {
            "calledByRenderer": false,
          },
          "getDerivedStateFromProps": Object {
            "hasShouldComponentUpdateBug": false,
          },
          "getSnapshotBeforeUpdate": true,
          "setState": Object {
            "skipsComponentDidUpdateOnNullish": true,
          },
        },
      },
    },
  },
}
`;
